# comando: /home/astral_visao/Documents/visao/.venv/bin/python3 /home/astral_visao/Documents/visao/datasetMINA/experimentos_controlados/scripts/04_vlm_polymer_bigvlm_10x.py --only-seed 0
# inicio (UTC): 2026-09-07T15:54:39.530096+00:00

/home/astral_visao/Documents/visao/.venv/lib/python3.12/site-packages/torch/utils/checkpoint.py:295: FutureWarning: `torch.cpu.amp.autocast(args...)` is deprecated. Please use `torch.amp.autocast('cpu', args...)` instead.
  with torch.enable_grad(), device_autocast_ctx, torch.cpu.amp.autocast(**ctx.cpu_autocast_kwargs):  # type: ignore[attr-defined]
'(ReadTimeoutError("HTTPSConnectionPool(host='huggingface.co', port=443): Read timed out. (read timeout=10)"), '(Request ID: fa23369c-77c4-4f59-9d3e-0585536b1e1a)')' thrown while requesting HEAD https://huggingface.co/HuggingFaceTB/SmolVLM-Instruct/resolve/main/config.json
Retrying in 1s [Retry 1/5].

=== 04_vlm_polymer_bigvlm — repetição 00/9 (seed=0, tag=mina_real_only_lora_bigvlm_ctrl_seed0) ===
trainable params: 10,536,960 || all params: 2,256,809,840 || trainable%: 0.4669
epoch 1/6  train_loss=0.6627  real_val_acc=0.487
  -> novo melhor adapter (real_val_acc=0.487) salvo em /home/astral_visao/Documents/visao/datasetMINA/experimentos/resultados/checkpoints/mina_real_only_lora_bigvlm_ctrl_seed0
epoch 2/6  train_loss=0.3047  real_val_acc=0.637
  -> novo melhor adapter (real_val_acc=0.637) salvo em /home/astral_visao/Documents/visao/datasetMINA/experimentos/resultados/checkpoints/mina_real_only_lora_bigvlm_ctrl_seed0
epoch 3/6  train_loss=0.2268  real_val_acc=0.633
epoch 4/6  train_loss=0.1790  real_val_acc=0.646
  -> novo melhor adapter (real_val_acc=0.646) salvo em /home/astral_visao/Documents/visao/datasetMINA/experimentos/resultados/checkpoints/mina_real_only_lora_bigvlm_ctrl_seed0
epoch 5/6  train_loss=0.1332  real_val_acc=0.579
epoch 6/6  train_loss=0.0970  real_val_acc=0.617

Melhor acurácia em real_val: 0.646. Adapter em /home/astral_visao/Documents/visao/datasetMINA/experimentos/resultados/checkpoints/mina_real_only_lora_bigvlm_ctrl_seed0

Acurácia final REAL TEST (mina_real_only_lora_bigvlm_ctrl_seed0, n=208): 0.712
[04_vlm_polymer_bigvlm] rep 00: test_acc=0.712 (20.0 min)
