# comando: /home/astral_visao/Documents/visao/.venv/bin/python3 /home/astral_visao/Documents/visao/datasetMINA/experimentos_controlados/scripts/04_vlm_polymer_bigvlm_10x.py --only-seed 7
# inicio (UTC): 2026-09-07T18:12:35.613060+00:00

/home/astral_visao/Documents/visao/.venv/lib/python3.12/site-packages/torch/utils/checkpoint.py:295: FutureWarning: `torch.cpu.amp.autocast(args...)` is deprecated. Please use `torch.amp.autocast('cpu', args...)` instead.
  with torch.enable_grad(), device_autocast_ctx, torch.cpu.amp.autocast(**ctx.cpu_autocast_kwargs):  # type: ignore[attr-defined]

=== 04_vlm_polymer_bigvlm — repetição 07/9 (seed=7, tag=mina_real_only_lora_bigvlm_ctrl_seed7) ===
trainable params: 10,536,960 || all params: 2,256,809,840 || trainable%: 0.4669
epoch 1/6  train_loss=0.6763  real_val_acc=0.396
  -> novo melhor adapter (real_val_acc=0.396) salvo em /home/astral_visao/Documents/visao/datasetMINA/experimentos/resultados/checkpoints/mina_real_only_lora_bigvlm_ctrl_seed7
epoch 2/6  train_loss=0.2977  real_val_acc=0.554
  -> novo melhor adapter (real_val_acc=0.554) salvo em /home/astral_visao/Documents/visao/datasetMINA/experimentos/resultados/checkpoints/mina_real_only_lora_bigvlm_ctrl_seed7
epoch 3/6  train_loss=0.2363  real_val_acc=0.558
  -> novo melhor adapter (real_val_acc=0.558) salvo em /home/astral_visao/Documents/visao/datasetMINA/experimentos/resultados/checkpoints/mina_real_only_lora_bigvlm_ctrl_seed7
epoch 4/6  train_loss=0.1950  real_val_acc=0.562
  -> novo melhor adapter (real_val_acc=0.562) salvo em /home/astral_visao/Documents/visao/datasetMINA/experimentos/resultados/checkpoints/mina_real_only_lora_bigvlm_ctrl_seed7
epoch 5/6  train_loss=0.1296  real_val_acc=0.662
  -> novo melhor adapter (real_val_acc=0.662) salvo em /home/astral_visao/Documents/visao/datasetMINA/experimentos/resultados/checkpoints/mina_real_only_lora_bigvlm_ctrl_seed7
epoch 6/6  train_loss=0.1204  real_val_acc=0.671
  -> novo melhor adapter (real_val_acc=0.671) salvo em /home/astral_visao/Documents/visao/datasetMINA/experimentos/resultados/checkpoints/mina_real_only_lora_bigvlm_ctrl_seed7

Melhor acurácia em real_val: 0.671. Adapter em /home/astral_visao/Documents/visao/datasetMINA/experimentos/resultados/checkpoints/mina_real_only_lora_bigvlm_ctrl_seed7

Acurácia final REAL TEST (mina_real_only_lora_bigvlm_ctrl_seed7, n=208): 0.764
[04_vlm_polymer_bigvlm] rep 07: test_acc=0.764 (19.2 min)
