# comando: /home/astral_visao/Documents/visao/.venv/bin/python3 /home/astral_visao/Documents/visao/datasetMINA/experimentos_controlados/scripts/04_vlm_polymer_bigvlm_10x.py --only-seed 5
# inicio (UTC): 2026-09-07T17:33:09.832345+00:00

/home/astral_visao/Documents/visao/.venv/lib/python3.12/site-packages/torch/utils/checkpoint.py:295: FutureWarning: `torch.cpu.amp.autocast(args...)` is deprecated. Please use `torch.amp.autocast('cpu', args...)` instead.
  with torch.enable_grad(), device_autocast_ctx, torch.cpu.amp.autocast(**ctx.cpu_autocast_kwargs):  # type: ignore[attr-defined]
'(ReadTimeoutError("HTTPSConnectionPool(host='huggingface.co', port=443): Read timed out. (read timeout=10)"), '(Request ID: a5889ecc-9e28-4748-a23b-d9e26517d42d)')' thrown while requesting HEAD https://huggingface.co/HuggingFaceTB/SmolVLM-Instruct/resolve/main/config.json
Retrying in 1s [Retry 1/5].

=== 04_vlm_polymer_bigvlm — repetição 05/9 (seed=5, tag=mina_real_only_lora_bigvlm_ctrl_seed5) ===
trainable params: 10,536,960 || all params: 2,256,809,840 || trainable%: 0.4669
epoch 1/6  train_loss=0.6841  real_val_acc=0.500
  -> novo melhor adapter (real_val_acc=0.500) salvo em /home/astral_visao/Documents/visao/datasetMINA/experimentos/resultados/checkpoints/mina_real_only_lora_bigvlm_ctrl_seed5
epoch 2/6  train_loss=0.3045  real_val_acc=0.600
  -> novo melhor adapter (real_val_acc=0.600) salvo em /home/astral_visao/Documents/visao/datasetMINA/experimentos/resultados/checkpoints/mina_real_only_lora_bigvlm_ctrl_seed5
epoch 3/6  train_loss=0.2421  real_val_acc=0.554
epoch 4/6  train_loss=0.1916  real_val_acc=0.637
  -> novo melhor adapter (real_val_acc=0.637) salvo em /home/astral_visao/Documents/visao/datasetMINA/experimentos/resultados/checkpoints/mina_real_only_lora_bigvlm_ctrl_seed5
epoch 5/6  train_loss=0.1565  real_val_acc=0.537
epoch 6/6  train_loss=0.1253  real_val_acc=0.604

Melhor acurácia em real_val: 0.637. Adapter em /home/astral_visao/Documents/visao/datasetMINA/experimentos/resultados/checkpoints/mina_real_only_lora_bigvlm_ctrl_seed5

Acurácia final REAL TEST (mina_real_only_lora_bigvlm_ctrl_seed5, n=208): 0.803
[04_vlm_polymer_bigvlm] rep 05: test_acc=0.803 (19.8 min)
