# comando: /home/astral_visao/Documents/visao/.venv/bin/python3 /home/astral_visao/Documents/visao/datasetMINA/experimentos_controlados/scripts/04_vlm_polymer_bigvlm_10x.py --only-seed 1
# inicio (UTC): 2026-09-07T16:14:37.855754+00:00

/home/astral_visao/Documents/visao/.venv/lib/python3.12/site-packages/torch/utils/checkpoint.py:295: FutureWarning: `torch.cpu.amp.autocast(args...)` is deprecated. Please use `torch.amp.autocast('cpu', args...)` instead.
  with torch.enable_grad(), device_autocast_ctx, torch.cpu.amp.autocast(**ctx.cpu_autocast_kwargs):  # type: ignore[attr-defined]
'(ReadTimeoutError("HTTPSConnectionPool(host='huggingface.co', port=443): Read timed out. (read timeout=10)"), '(Request ID: 905bc72e-ba6f-464a-998d-136a4634aaf7)')' thrown while requesting HEAD https://huggingface.co/HuggingFaceTB/SmolVLM-Instruct/resolve/main/config.json
Retrying in 1s [Retry 1/5].

=== 04_vlm_polymer_bigvlm — repetição 01/9 (seed=1, tag=mina_real_only_lora_bigvlm_ctrl_seed1) ===
trainable params: 10,536,960 || all params: 2,256,809,840 || trainable%: 0.4669
epoch 1/6  train_loss=0.6871  real_val_acc=0.512
  -> novo melhor adapter (real_val_acc=0.512) salvo em /home/astral_visao/Documents/visao/datasetMINA/experimentos/resultados/checkpoints/mina_real_only_lora_bigvlm_ctrl_seed1
epoch 2/6  train_loss=0.3076  real_val_acc=0.642
  -> novo melhor adapter (real_val_acc=0.642) salvo em /home/astral_visao/Documents/visao/datasetMINA/experimentos/resultados/checkpoints/mina_real_only_lora_bigvlm_ctrl_seed1
epoch 3/6  train_loss=0.2556  real_val_acc=0.625
epoch 4/6  train_loss=0.1885  real_val_acc=0.662
  -> novo melhor adapter (real_val_acc=0.662) salvo em /home/astral_visao/Documents/visao/datasetMINA/experimentos/resultados/checkpoints/mina_real_only_lora_bigvlm_ctrl_seed1
epoch 5/6  train_loss=0.1382  real_val_acc=0.646
epoch 6/6  train_loss=0.0981  real_val_acc=0.650

Melhor acurácia em real_val: 0.662. Adapter em /home/astral_visao/Documents/visao/datasetMINA/experimentos/resultados/checkpoints/mina_real_only_lora_bigvlm_ctrl_seed1

Acurácia final REAL TEST (mina_real_only_lora_bigvlm_ctrl_seed1, n=208): 0.755
[04_vlm_polymer_bigvlm] rep 01: test_acc=0.755 (19.8 min)
