# comando: /home/astral_visao/Documents/visao/.venv/bin/python3 /home/astral_visao/Documents/visao/datasetMINA/experimentos_controlados/scripts/04_vlm_polymer_bigvlm_10x.py --only-seed 3
# inicio (UTC): 2026-09-07T16:54:04.632012+00:00

/home/astral_visao/Documents/visao/.venv/lib/python3.12/site-packages/torch/utils/checkpoint.py:295: FutureWarning: `torch.cpu.amp.autocast(args...)` is deprecated. Please use `torch.amp.autocast('cpu', args...)` instead.
  with torch.enable_grad(), device_autocast_ctx, torch.cpu.amp.autocast(**ctx.cpu_autocast_kwargs):  # type: ignore[attr-defined]

=== 04_vlm_polymer_bigvlm — repetição 03/9 (seed=3, tag=mina_real_only_lora_bigvlm_ctrl_seed3) ===
trainable params: 10,536,960 || all params: 2,256,809,840 || trainable%: 0.4669
epoch 1/6  train_loss=0.6953  real_val_acc=0.467
  -> novo melhor adapter (real_val_acc=0.467) salvo em /home/astral_visao/Documents/visao/datasetMINA/experimentos/resultados/checkpoints/mina_real_only_lora_bigvlm_ctrl_seed3
epoch 2/6  train_loss=0.3094  real_val_acc=0.521
  -> novo melhor adapter (real_val_acc=0.521) salvo em /home/astral_visao/Documents/visao/datasetMINA/experimentos/resultados/checkpoints/mina_real_only_lora_bigvlm_ctrl_seed3
epoch 3/6  train_loss=0.2532  real_val_acc=0.613
  -> novo melhor adapter (real_val_acc=0.613) salvo em /home/astral_visao/Documents/visao/datasetMINA/experimentos/resultados/checkpoints/mina_real_only_lora_bigvlm_ctrl_seed3
epoch 4/6  train_loss=0.2045  real_val_acc=0.617
  -> novo melhor adapter (real_val_acc=0.617) salvo em /home/astral_visao/Documents/visao/datasetMINA/experimentos/resultados/checkpoints/mina_real_only_lora_bigvlm_ctrl_seed3
epoch 5/6  train_loss=0.1601  real_val_acc=0.700
  -> novo melhor adapter (real_val_acc=0.700) salvo em /home/astral_visao/Documents/visao/datasetMINA/experimentos/resultados/checkpoints/mina_real_only_lora_bigvlm_ctrl_seed3
epoch 6/6  train_loss=0.1090  real_val_acc=0.675

Melhor acurácia em real_val: 0.700. Adapter em /home/astral_visao/Documents/visao/datasetMINA/experimentos/resultados/checkpoints/mina_real_only_lora_bigvlm_ctrl_seed3

Acurácia final REAL TEST (mina_real_only_lora_bigvlm_ctrl_seed3, n=208): 0.740
[04_vlm_polymer_bigvlm] rep 03: test_acc=0.740 (19.6 min)
