MiNa real_crops/test (n=208)

Estágio 1: descrevendo partículas com SmolVLM-500M-Instruct (sem nomes de classe no prompt)...
  25/208 descritas...
  50/208 descritas...
  75/208 descritas...
  100/208 descritas...
  125/208 descritas...
  150/208 descritas...
  175/208 descritas...
  200/208 descritas...

Estágio 2: classificando a partir das descrições com HuggingFaceTB/SmolLM2-1.7B-Instruct...
  25/208 classificadas...
  50/208 classificadas...
  75/208 classificadas...
  100/208 classificadas...
  125/208 classificadas...
  150/208 classificadas...
  175/208 classificadas...
  200/208 classificadas...

Acurácia describe-then-classify no MiNa real test (n=208): 0.135 (28/208)

Matriz de confusão (linha=real, coluna=previsto):
pred_label  PE
true_label    
PE          28
PET         60
PP          60
PS          60

Recall por classe:
            sum  count
true_label            
PE           28     28
PET           0     60
PP            0     60
PS            0     60
