# comando: /home/astral_visao/Documents/visao/.venv/bin/python3 /home/astral_visao/Documents/visao/datasetMINA/experimentos_controlados/scripts/06_smolvlm_size_full_10x.py --only-seed 0
# inicio (UTC): 2026-09-07T01:57:05.383968+00:00

/home/astral_visao/Documents/visao/.venv/lib/python3.12/site-packages/torch/utils/checkpoint.py:295: FutureWarning: `torch.cpu.amp.autocast(args...)` is deprecated. Please use `torch.amp.autocast('cpu', args...)` instead.
  with torch.enable_grad(), device_autocast_ctx, torch.cpu.amp.autocast(**ctx.cpu_autocast_kwargs):  # type: ignore[attr-defined]
/home/astral_visao/Documents/visao/.venv/lib/python3.12/site-packages/torch/utils/checkpoint.py:295: FutureWarning: `torch.cpu.amp.autocast(args...)` is deprecated. Please use `torch.amp.autocast('cpu', args...)` instead.
  with torch.enable_grad(), device_autocast_ctx, torch.cpu.amp.autocast(**ctx.cpu_autocast_kwargs):  # type: ignore[attr-defined]
/home/astral_visao/Documents/visao/.venv/lib/python3.12/site-packages/torch/utils/checkpoint.py:295: FutureWarning: `torch.cpu.amp.autocast(args...)` is deprecated. Please use `torch.amp.autocast('cpu', args...)` instead.
  with torch.enable_grad(), device_autocast_ctx, torch.cpu.amp.autocast(**ctx.cpu_autocast_kwargs):  # type: ignore[attr-defined]

=== 06_smolvlm_size_full — repetição 00/9 (seed=0, tag=size_full_ft_ctrl_seed0) ===
full fine-tuning: 507.5M parametros treinaveis
epoch 1/6  train_loss=0.2571  real_val_acc=0.883
  -> novo melhor checkpoint (real_val_acc=0.883) salvo em /home/astral_visao/Documents/visao/datasetMINA/experimentos/resultados/checkpoints/size_full_ft_ctrl_seed0
epoch 2/6  train_loss=0.0381  real_val_acc=0.912
  -> novo melhor checkpoint (real_val_acc=0.912) salvo em /home/astral_visao/Documents/visao/datasetMINA/experimentos/resultados/checkpoints/size_full_ft_ctrl_seed0
epoch 3/6  train_loss=0.0307  real_val_acc=0.904
epoch 4/6  train_loss=0.0168  real_val_acc=0.900
epoch 5/6  train_loss=0.0073  real_val_acc=0.900
epoch 6/6  train_loss=0.0036  real_val_acc=0.896

Melhor acurácia em real_val: 0.912. Checkpoint em /home/astral_visao/Documents/visao/datasetMINA/experimentos/resultados/checkpoints/size_full_ft_ctrl_seed0

Acurácia final REAL TEST (size_full_ft_ctrl_seed0, n=208): 0.827
[06_smolvlm_size_full] rep 00: test_acc=0.827
