# comando: /home/astral_visao/Documents/visao/.venv/bin/python3 /home/astral_visao/Documents/visao/datasetMINA/experimentos_controlados/scripts/06_smolvlm_size_full_10x.py --only-seed 9
# inicio (UTC): 2026-09-07T04:41:00.013203+00:00

/home/astral_visao/Documents/visao/.venv/lib/python3.12/site-packages/torch/utils/checkpoint.py:295: FutureWarning: `torch.cpu.amp.autocast(args...)` is deprecated. Please use `torch.amp.autocast('cpu', args...)` instead.
  with torch.enable_grad(), device_autocast_ctx, torch.cpu.amp.autocast(**ctx.cpu_autocast_kwargs):  # type: ignore[attr-defined]
/home/astral_visao/Documents/visao/.venv/lib/python3.12/site-packages/torch/utils/checkpoint.py:295: FutureWarning: `torch.cpu.amp.autocast(args...)` is deprecated. Please use `torch.amp.autocast('cpu', args...)` instead.
  with torch.enable_grad(), device_autocast_ctx, torch.cpu.amp.autocast(**ctx.cpu_autocast_kwargs):  # type: ignore[attr-defined]
/home/astral_visao/Documents/visao/.venv/lib/python3.12/site-packages/torch/utils/checkpoint.py:295: FutureWarning: `torch.cpu.amp.autocast(args...)` is deprecated. Please use `torch.amp.autocast('cpu', args...)` instead.
  with torch.enable_grad(), device_autocast_ctx, torch.cpu.amp.autocast(**ctx.cpu_autocast_kwargs):  # type: ignore[attr-defined]
/home/astral_visao/Documents/visao/.venv/lib/python3.12/site-packages/torch/utils/checkpoint.py:295: FutureWarning: `torch.cpu.amp.autocast(args...)` is deprecated. Please use `torch.amp.autocast('cpu', args...)` instead.
  with torch.enable_grad(), device_autocast_ctx, torch.cpu.amp.autocast(**ctx.cpu_autocast_kwargs):  # type: ignore[attr-defined]

=== 06_smolvlm_size_full — repetição 09/9 (seed=9, tag=size_full_ft_ctrl_seed9) ===
full fine-tuning: 507.5M parametros treinaveis
epoch 1/6  train_loss=0.2692  real_val_acc=0.867
  -> novo melhor checkpoint (real_val_acc=0.867) salvo em /home/astral_visao/Documents/visao/datasetMINA/experimentos/resultados/checkpoints/size_full_ft_ctrl_seed9
epoch 2/6  train_loss=0.0282  real_val_acc=0.846
epoch 3/6  train_loss=0.0229  real_val_acc=0.900
  -> novo melhor checkpoint (real_val_acc=0.900) salvo em /home/astral_visao/Documents/visao/datasetMINA/experimentos/resultados/checkpoints/size_full_ft_ctrl_seed9
epoch 4/6  train_loss=0.0161  real_val_acc=0.875
epoch 5/6  train_loss=0.0070  real_val_acc=0.904
  -> novo melhor checkpoint (real_val_acc=0.904) salvo em /home/astral_visao/Documents/visao/datasetMINA/experimentos/resultados/checkpoints/size_full_ft_ctrl_seed9
epoch 6/6  train_loss=0.0048  real_val_acc=0.887

Melhor acurácia em real_val: 0.904. Checkpoint em /home/astral_visao/Documents/visao/datasetMINA/experimentos/resultados/checkpoints/size_full_ft_ctrl_seed9

Acurácia final REAL TEST (size_full_ft_ctrl_seed9, n=208): 0.913
[06_smolvlm_size_full] rep 09: test_acc=0.913
