# comando: /home/astral_visao/Documents/visao/.venv/bin/python3 /home/astral_visao/Documents/visao/datasetMINA/experimentos_controlados/scripts/06_smolvlm_size_full_10x.py --only-seed 2
# inicio (UTC): 2026-09-07T02:33:26.668463+00:00

/home/astral_visao/Documents/visao/.venv/lib/python3.12/site-packages/torch/utils/checkpoint.py:295: FutureWarning: `torch.cpu.amp.autocast(args...)` is deprecated. Please use `torch.amp.autocast('cpu', args...)` instead.
  with torch.enable_grad(), device_autocast_ctx, torch.cpu.amp.autocast(**ctx.cpu_autocast_kwargs):  # type: ignore[attr-defined]
/home/astral_visao/Documents/visao/.venv/lib/python3.12/site-packages/torch/utils/checkpoint.py:295: FutureWarning: `torch.cpu.amp.autocast(args...)` is deprecated. Please use `torch.amp.autocast('cpu', args...)` instead.
  with torch.enable_grad(), device_autocast_ctx, torch.cpu.amp.autocast(**ctx.cpu_autocast_kwargs):  # type: ignore[attr-defined]
/home/astral_visao/Documents/visao/.venv/lib/python3.12/site-packages/torch/utils/checkpoint.py:295: FutureWarning: `torch.cpu.amp.autocast(args...)` is deprecated. Please use `torch.amp.autocast('cpu', args...)` instead.
  with torch.enable_grad(), device_autocast_ctx, torch.cpu.amp.autocast(**ctx.cpu_autocast_kwargs):  # type: ignore[attr-defined]
/home/astral_visao/Documents/visao/.venv/lib/python3.12/site-packages/torch/utils/checkpoint.py:295: FutureWarning: `torch.cpu.amp.autocast(args...)` is deprecated. Please use `torch.amp.autocast('cpu', args...)` instead.
  with torch.enable_grad(), device_autocast_ctx, torch.cpu.amp.autocast(**ctx.cpu_autocast_kwargs):  # type: ignore[attr-defined]
/home/astral_visao/Documents/visao/.venv/lib/python3.12/site-packages/torch/utils/checkpoint.py:295: FutureWarning: `torch.cpu.amp.autocast(args...)` is deprecated. Please use `torch.amp.autocast('cpu', args...)` instead.
  with torch.enable_grad(), device_autocast_ctx, torch.cpu.amp.autocast(**ctx.cpu_autocast_kwargs):  # type: ignore[attr-defined]

=== 06_smolvlm_size_full — repetição 02/9 (seed=2, tag=size_full_ft_ctrl_seed2) ===
full fine-tuning: 507.5M parametros treinaveis
epoch 1/6  train_loss=0.2543  real_val_acc=0.833
  -> novo melhor checkpoint (real_val_acc=0.833) salvo em /home/astral_visao/Documents/visao/datasetMINA/experimentos/resultados/checkpoints/size_full_ft_ctrl_seed2
epoch 2/6  train_loss=0.0284  real_val_acc=0.858
  -> novo melhor checkpoint (real_val_acc=0.858) salvo em /home/astral_visao/Documents/visao/datasetMINA/experimentos/resultados/checkpoints/size_full_ft_ctrl_seed2
epoch 3/6  train_loss=0.0209  real_val_acc=0.908
  -> novo melhor checkpoint (real_val_acc=0.908) salvo em /home/astral_visao/Documents/visao/datasetMINA/experimentos/resultados/checkpoints/size_full_ft_ctrl_seed2
epoch 4/6  train_loss=0.0122  real_val_acc=0.917
  -> novo melhor checkpoint (real_val_acc=0.917) salvo em /home/astral_visao/Documents/visao/datasetMINA/experimentos/resultados/checkpoints/size_full_ft_ctrl_seed2
epoch 5/6  train_loss=0.0066  real_val_acc=0.879
epoch 6/6  train_loss=0.0020  real_val_acc=0.908

Melhor acurácia em real_val: 0.917. Checkpoint em /home/astral_visao/Documents/visao/datasetMINA/experimentos/resultados/checkpoints/size_full_ft_ctrl_seed2

Acurácia final REAL TEST (size_full_ft_ctrl_seed2, n=208): 0.899
[06_smolvlm_size_full] rep 02: test_acc=0.899
