# comando: /home/astral_visao/Documents/visao/.venv/bin/python3 /home/astral_visao/Documents/visao/datasetMINA/experimentos_controlados/scripts/06_smolvlm_size_full_10x.py --only-seed 7
# inicio (UTC): 2026-09-07T04:04:31.800805+00:00

/home/astral_visao/Documents/visao/.venv/lib/python3.12/site-packages/torch/utils/checkpoint.py:295: FutureWarning: `torch.cpu.amp.autocast(args...)` is deprecated. Please use `torch.amp.autocast('cpu', args...)` instead.
  with torch.enable_grad(), device_autocast_ctx, torch.cpu.amp.autocast(**ctx.cpu_autocast_kwargs):  # type: ignore[attr-defined]
/home/astral_visao/Documents/visao/.venv/lib/python3.12/site-packages/torch/utils/checkpoint.py:295: FutureWarning: `torch.cpu.amp.autocast(args...)` is deprecated. Please use `torch.amp.autocast('cpu', args...)` instead.
  with torch.enable_grad(), device_autocast_ctx, torch.cpu.amp.autocast(**ctx.cpu_autocast_kwargs):  # type: ignore[attr-defined]
/home/astral_visao/Documents/visao/.venv/lib/python3.12/site-packages/torch/utils/checkpoint.py:295: FutureWarning: `torch.cpu.amp.autocast(args...)` is deprecated. Please use `torch.amp.autocast('cpu', args...)` instead.
  with torch.enable_grad(), device_autocast_ctx, torch.cpu.amp.autocast(**ctx.cpu_autocast_kwargs):  # type: ignore[attr-defined]

=== 06_smolvlm_size_full — repetição 07/9 (seed=7, tag=size_full_ft_ctrl_seed7) ===
full fine-tuning: 507.5M parametros treinaveis
epoch 1/6  train_loss=0.2555  real_val_acc=0.850
  -> novo melhor checkpoint (real_val_acc=0.850) salvo em /home/astral_visao/Documents/visao/datasetMINA/experimentos/resultados/checkpoints/size_full_ft_ctrl_seed7
epoch 2/6  train_loss=0.0298  real_val_acc=0.825
epoch 3/6  train_loss=0.0216  real_val_acc=0.908
  -> novo melhor checkpoint (real_val_acc=0.908) salvo em /home/astral_visao/Documents/visao/datasetMINA/experimentos/resultados/checkpoints/size_full_ft_ctrl_seed7
epoch 4/6  train_loss=0.0123  real_val_acc=0.904
epoch 5/6  train_loss=0.0080  real_val_acc=0.900
epoch 6/6  train_loss=0.0010  real_val_acc=0.908

Melhor acurácia em real_val: 0.908. Checkpoint em /home/astral_visao/Documents/visao/datasetMINA/experimentos/resultados/checkpoints/size_full_ft_ctrl_seed7

Acurácia final REAL TEST (size_full_ft_ctrl_seed7, n=208): 0.856
[06_smolvlm_size_full] rep 07: test_acc=0.856
