2026-08-22 23:35:24,235 | INFO | === INÍCIO DO EXPERIMENTO ===
2026-08-22 23:35:24,236 | INFO | experiment_name=23_recall_by_size_regime
2026-08-22 23:35:24,236 | INFO | script_name=/home/mi/datasetMINA/scripts/23_recall_by_size_regime.py
2026-08-22 23:35:24,236 | INFO | results_dir=/home/mi/datasetMINA/resultados/23_recall_by_size_regime
2026-08-22 23:35:24,236 | INFO | log_path=/home/mi/datasetMINA/resultados/23_recall_by_size_regime/logs/23_recall_by_size_regime_20260823T023522Z.log
2026-08-22 23:35:24,236 | INFO | runtime_metadata={"architecture": "x86_64", "cpu": "x86_64", "cpu_count": 24, "cuda_available": true, "cuda_device": 0, "cuda_version": "12.1", "cudnn_version": 90100, "device": "cuda", "experiment_name": "23_recall_by_size_regime", "git_commit": "43d09957", "gpu_capability": [[8, 9]], "gpu_count": 1, "gpu_names": ["NVIDIA GeForce RTX 4060 Ti"], "host": "pop-os", "log_path": "/home/mi/datasetMINA/resultados/23_recall_by_size_regime/logs/23_recall_by_size_regime_20260823T023522Z.log", "numpy_version": "1.26.4", "os": "Linux", "os_release": "7.0.11-76070011-generic", "pandas_version": "2.1.4", "peft_version": "0.18.1", "pillow_version": "11.3.0", "platform": "Linux-7.0.11-76070011-generic-x86_64-with-glibc2.35", "python_implementation": "CPython", "python_version": "3.10.12", "ram_gb": 30.489498138427734, "results_dir": "/home/mi/datasetMINA/resultados/23_recall_by_size_regime", "results_root": "/home/mi/datasetMINA/resultados", "script_name": "/home/mi/datasetMINA/scripts/23_recall_by_size_regime.py", "timestamp_utc": "2026-08-23T02:35:22.088144+00:00", "torch_version": "2.4.1+cu121", "transformers_version": "4.49.0", "working_directory": "/home/mi/datasetMINA"}
2026-08-22 23:35:24,236 | INFO | === recall do YOLO26L v2 por regime de tamanho fisico (test set travado) ===
2026-08-22 23:35:24,866 | INFO | imagem=PET_PET 5000X 1.png gt=141 casados=86
2026-08-22 23:35:25,770 | INFO | imagem=PET_PET-2000X-2.png gt=490 casados=233
2026-08-22 23:35:26,163 | INFO | imagem=PET_PET-2000X.png gt=518 casados=99
2026-08-22 23:35:26,198 | INFO | imagem=PET_PET-B-2-5000X.png gt=90 casados=0
2026-08-22 23:35:26,228 | INFO | imagem=PE_PE 1000-1.png gt=8 casados=8
2026-08-22 23:35:26,266 | INFO | imagem=PE_PE 1000X.png gt=20 casados=20
2026-08-22 23:35:28,829 | INFO | imagem=PP_PP-1000x1.png gt=1268 casados=275
2026-08-22 23:35:29,070 | INFO | imagem=PP_PP-3000x4.png gt=198 casados=131
2026-08-22 23:35:29,411 | INFO | imagem=PP_PP-3000x6.png gt=231 casados=182
2026-08-22 23:35:29,774 | INFO | imagem=PP_PP-3000x7.png gt=233 casados=182
2026-08-22 23:35:31,728 | INFO | imagem=PS_PS-100x.png gt=957 casados=198
2026-08-22 23:35:31,795 | INFO | imagem=PS_PS-200x-2.png gt=160 casados=33
2026-08-22 23:35:31,933 | INFO | imagem=PS_PS2-200x2.png gt=156 casados=69
2026-08-22 23:35:32,002 | INFO | imagem=PS_PSL 10000X.png gt=140 casados=32
