2026-08-29 19:42:47,685 | INFO | === INÍCIO DO EXPERIMENTO ===
2026-08-29 19:42:47,685 | INFO | experiment_name=52_class_error_analysis_nano
2026-08-29 19:42:47,685 | INFO | script_name=/home/mi/datasetMINA/scripts/52_class_error_analysis_nano.py
2026-08-29 19:42:47,685 | INFO | results_dir=/home/mi/datasetMINA/resultados/52_class_error_analysis_nano
2026-08-29 19:42:47,685 | INFO | log_path=/home/mi/datasetMINA/resultados/52_class_error_analysis_nano/logs/52_class_error_analysis_nano_20260829T224246Z.log
2026-08-29 19:42:47,685 | INFO | runtime_metadata={"architecture": "x86_64", "cpu": "x86_64", "cpu_count": 24, "cuda_available": true, "cuda_device": 0, "cuda_version": "12.1", "cudnn_version": 90100, "device": "cuda", "experiment_name": "52_class_error_analysis_nano", "git_commit": "11554351", "gpu_capability": [[8, 9]], "gpu_count": 1, "gpu_names": ["NVIDIA GeForce RTX 4060 Ti"], "host": "pop-os", "log_path": "/home/mi/datasetMINA/resultados/52_class_error_analysis_nano/logs/52_class_error_analysis_nano_20260829T224246Z.log", "numpy_version": "1.26.4", "os": "Linux", "os_release": "7.0.11-76070011-generic", "pandas_version": "2.1.4", "peft_version": "0.18.1", "pillow_version": "11.3.0", "platform": "Linux-7.0.11-76070011-generic-x86_64-with-glibc2.35", "python_implementation": "CPython", "python_version": "3.10.12", "ram_gb": 30.489498138427734, "results_dir": "/home/mi/datasetMINA/resultados/52_class_error_analysis_nano", "results_root": "/home/mi/datasetMINA/resultados", "script_name": "/home/mi/datasetMINA/scripts/52_class_error_analysis_nano.py", "timestamp_utc": "2026-08-29T22:42:46.556538+00:00", "torch_version": "2.4.1+cu121", "transformers_version": "4.49.0", "working_directory": "/home/mi/datasetMINA"}
2026-08-29 19:42:47,686 | INFO | === analise de erro por classe (nano-only): PE falso positivo, PS falso negativo ===
2026-08-29 19:42:48,588 | INFO | imagem=PET_PET 5000X 1.png n_gt_nano=125 n_pred=240
2026-08-29 19:42:48,829 | INFO | imagem=PET_PET-2000X-2.png n_gt_nano=422 n_pred=259
2026-08-29 19:42:48,888 | INFO | imagem=PET_PET-2000X.png n_gt_nano=437 n_pred=300
2026-08-29 19:42:48,975 | INFO | imagem=PET_PET-B-2-5000X.png n_gt_nano=88 n_pred=76
2026-08-29 19:42:49,011 | INFO | imagem=PE_PE 1000-1.png n_gt_nano=1 n_pred=22
2026-08-29 19:42:49,048 | INFO | imagem=PE_PE 1000X.png n_gt_nano=6 n_pred=34
2026-08-29 19:42:49,080 | INFO | imagem=PE_PE-5000x.png n_gt_nano=0 n_pred=0
2026-08-29 19:42:50,964 | INFO | imagem=PP_PP-1000x1.png n_gt_nano=892 n_pred=300
2026-08-29 19:42:51,194 | INFO | imagem=PP_PP-3000x4.png n_gt_nano=166 n_pred=186
2026-08-29 19:42:51,472 | INFO | imagem=PP_PP-3000x6.png n_gt_nano=191 n_pred=184
2026-08-29 19:42:51,718 | INFO | imagem=PP_PP-3000x7.png n_gt_nano=191 n_pred=168
2026-08-29 19:42:51,753 | INFO | imagem=PS_PS-100x.png n_gt_nano=0 n_pred=0
2026-08-29 19:42:51,785 | INFO | imagem=PS_PS-200x-2.png n_gt_nano=0 n_pred=0
2026-08-29 19:42:51,819 | INFO | imagem=PS_PS2-200x2.png n_gt_nano=0 n_pred=0
2026-08-29 19:42:51,851 | INFO | imagem=PS_PSL 10000X.png n_gt_nano=111 n_pred=0
