2026-08-22 23:46:29,036 | INFO | === INÍCIO DO EXPERIMENTO ===
2026-08-22 23:46:29,036 | INFO | experiment_name=24_efficiency_benchmark
2026-08-22 23:46:29,036 | INFO | script_name=/home/mi/datasetMINA/scripts/24_efficiency_benchmark.py
2026-08-22 23:46:29,036 | INFO | results_dir=/home/mi/datasetMINA/resultados/24_efficiency_benchmark
2026-08-22 23:46:29,036 | INFO | log_path=/home/mi/datasetMINA/resultados/24_efficiency_benchmark/logs/24_efficiency_benchmark_20260823T024629Z.log
2026-08-22 23:46:29,036 | INFO | runtime_metadata={"architecture": "x86_64", "cpu": "x86_64", "cpu_count": 24, "cuda_available": true, "cuda_device": 0, "cuda_version": "12.1", "cudnn_version": 90100, "device": "cuda", "experiment_name": "24_efficiency_benchmark", "git_commit": "43d09957", "gpu_capability": [[8, 9]], "gpu_count": 1, "gpu_names": ["NVIDIA GeForce RTX 4060 Ti"], "host": "pop-os", "log_path": "/home/mi/datasetMINA/resultados/24_efficiency_benchmark/logs/24_efficiency_benchmark_20260823T024629Z.log", "numpy_version": "1.26.4", "os": "Linux", "os_release": "7.0.11-76070011-generic", "pandas_version": "2.1.4", "peft_version": "0.18.1", "pillow_version": "11.3.0", "platform": "Linux-7.0.11-76070011-generic-x86_64-with-glibc2.35", "python_implementation": "CPython", "python_version": "3.10.12", "ram_gb": 30.489498138427734, "results_dir": "/home/mi/datasetMINA/resultados/24_efficiency_benchmark", "results_root": "/home/mi/datasetMINA/resultados", "script_name": "/home/mi/datasetMINA/scripts/24_efficiency_benchmark.py", "timestamp_utc": "2026-08-23T02:46:29.013132+00:00", "torch_version": "2.4.1+cu121", "transformers_version": "4.49.0", "working_directory": "/home/mi/datasetMINA"}
2026-08-22 23:46:29,036 | INFO | n_imagens_teste=15
2026-08-22 23:46:29,721 | INFO | yolo imagem=PET_PET 5000X 1.png reps_ms=['27.4', '28.3', '29.7', '28.0', '27.5'] n_candidatos=116
2026-08-22 23:46:29,864 | INFO | yolo imagem=PET_PET-2000X-2.png reps_ms=['27.5', '27.6', '31.8', '28.7', '27.0'] n_candidatos=262
2026-08-22 23:46:29,997 | INFO | yolo imagem=PET_PET-2000X.png reps_ms=['26.4', '26.7', '27.8', '26.3', '26.2'] n_candidatos=126
2026-08-22 23:46:30,155 | INFO | yolo imagem=PET_PET-B-2-5000X.png reps_ms=['31.2', '31.6', '32.3', '31.1', '31.1'] n_candidatos=90
2026-08-22 23:46:30,290 | INFO | yolo imagem=PE_PE 1000-1.png reps_ms=['26.1', '25.9', '28.2', '27.2', '27.4'] n_candidatos=24
2026-08-22 23:46:30,428 | INFO | yolo imagem=PE_PE 1000X.png reps_ms=['27.2', '27.2', '28.2', '28.4', '27.2'] n_candidatos=74
2026-08-22 23:46:30,562 | INFO | yolo imagem=PE_PE-5000x.png reps_ms=['26.2', '26.6', '27.4', '26.9', '26.9'] n_candidatos=0
2026-08-22 23:46:30,697 | INFO | yolo imagem=PP_PP-1000x1.png reps_ms=['26.4', '26.6', '28.4', '26.8', '26.6'] n_candidatos=300
2026-08-22 23:46:30,834 | INFO | yolo imagem=PP_PP-3000x4.png reps_ms=['26.4', '26.2', '28.1', '28.7', '27.3'] n_candidatos=203
2026-08-22 23:46:30,968 | INFO | yolo imagem=PP_PP-3000x6.png reps_ms=['26.7', '26.5', '27.3', '26.9', '26.5'] n_candidatos=202
2026-08-22 23:46:31,102 | INFO | yolo imagem=PP_PP-3000x7.png reps_ms=['26.6', '26.4', '28.1', '26.8', '26.3'] n_candidatos=215
2026-08-22 23:46:31,237 | INFO | yolo imagem=PS_PS-100x.png reps_ms=['26.3', '26.3', '28.3', '26.9', '26.7'] n_candidatos=300
2026-08-22 23:46:31,369 | INFO | yolo imagem=PS_PS-200x-2.png reps_ms=['26.1', '26.3', '27.1', '26.4', '26.1'] n_candidatos=54
2026-08-22 23:46:31,502 | INFO | yolo imagem=PS_PS2-200x2.png reps_ms=['26.3', '26.2', '27.6', '26.6', '26.3'] n_candidatos=107
2026-08-22 23:46:31,636 | INFO | yolo imagem=PS_PSL 10000X.png reps_ms=['26.2', '26.1', '27.5', '27.1', '26.7'] n_candidatos=44
2026-08-22 23:46:35,322 | INFO | n_recortes_smolvlm=30
