2026-08-22 19:55:39,348 | INFO | === INÍCIO DO EXPERIMENTO ===
2026-08-22 19:55:39,349 | INFO | experiment_name=20_predicted_box_and_end_to_end
2026-08-22 19:55:39,349 | INFO | script_name=/home/mi/datasetMINA/scripts/20_predicted_box_and_end_to_end.py
2026-08-22 19:55:39,349 | INFO | results_dir=/home/mi/datasetMINA/resultados/20_predicted_box_and_end_to_end
2026-08-22 19:55:39,349 | INFO | log_path=/home/mi/datasetMINA/resultados/20_predicted_box_and_end_to_end/logs/20_predicted_box_and_end_to_end_20260822T225537Z.log
2026-08-22 19:55:39,349 | INFO | runtime_metadata={"architecture": "x86_64", "cpu": "x86_64", "cpu_count": 24, "cuda_available": true, "cuda_device": 0, "cuda_version": "12.1", "cudnn_version": 90100, "device": "cuda", "experiment_name": "20_predicted_box_and_end_to_end", "git_commit": "9acff749", "gpu_capability": [[8, 9]], "gpu_count": 1, "gpu_names": ["NVIDIA GeForce RTX 4060 Ti"], "host": "pop-os", "log_path": "/home/mi/datasetMINA/resultados/20_predicted_box_and_end_to_end/logs/20_predicted_box_and_end_to_end_20260822T225537Z.log", "numpy_version": "1.26.4", "os": "Linux", "os_release": "7.0.11-76070011-generic", "pandas_version": "2.1.4", "peft_version": "0.18.1", "pillow_version": "11.3.0", "platform": "Linux-7.0.11-76070011-generic-x86_64-with-glibc2.35", "python_implementation": "CPython", "python_version": "3.10.12", "ram_gb": 30.489498138427734, "results_dir": "/home/mi/datasetMINA/resultados/20_predicted_box_and_end_to_end", "results_root": "/home/mi/datasetMINA/resultados", "script_name": "/home/mi/datasetMINA/scripts/20_predicted_box_and_end_to_end.py", "timestamp_utc": "2026-08-22T22:55:37.112283+00:00", "torch_version": "2.4.1+cu121", "transformers_version": "4.49.0", "working_directory": "/home/mi/datasetMINA"}
2026-08-22 19:55:39,349 | INFO | === condicao predicted-box + avaliacao fim-a-fim ===
2026-08-22 19:56:29,883 | INFO | imagem=PET_PET 5000X 1.png gt=141 casados=86
2026-08-22 19:58:24,379 | INFO | imagem=PET_PET-2000X-2.png gt=490 casados=233
2026-08-22 19:59:08,609 | INFO | imagem=PET_PET-2000X.png gt=518 casados=110
2026-08-22 19:59:08,710 | INFO | imagem=PET_PET-B-2-5000X.png gt=90 casados=63
2026-08-22 19:59:12,689 | INFO | imagem=PE_PE 1000-1.png gt=8 casados=8
2026-08-22 19:59:21,558 | INFO | imagem=PE_PE 1000X.png gt=20 casados=20
2026-08-22 19:59:21,590 | INFO | imagem=PE_PE-5000x.png gt=0 casados=0
2026-08-22 20:01:38,756 | INFO | imagem=PP_PP-1000x1.png gt=1268 casados=275
2026-08-22 20:02:19,680 | INFO | imagem=PP_PP-3000x4.png gt=198 casados=134
2026-08-22 20:03:49,632 | INFO | imagem=PP_PP-3000x6.png gt=231 casados=182
2026-08-22 20:05:19,338 | INFO | imagem=PP_PP-3000x7.png gt=233 casados=182
2026-08-22 20:06:58,787 | INFO | imagem=PS_PS-100x.png gt=957 casados=198
2026-08-22 20:07:12,464 | INFO | imagem=PS_PS-200x-2.png gt=160 casados=42
2026-08-22 20:07:46,118 | INFO | imagem=PS_PS2-200x2.png gt=156 casados=69
2026-08-22 20:08:01,395 | INFO | imagem=PS_PSL 10000X.png gt=140 casados=32
