# comando: /home/astral_visao/Documents/visao/.venv/bin/python3 /home/astral_visao/Documents/visao/datasetMINA/experimentos_controlados/scripts/02_vlm_polymer_real_only_10x.py --only-seed 9
# inicio (UTC): 2026-09-07T08:17:10.661886+00:00

/home/astral_visao/Documents/visao/.venv/lib/python3.12/site-packages/torch/utils/checkpoint.py:295: FutureWarning: `torch.cpu.amp.autocast(args...)` is deprecated. Please use `torch.amp.autocast('cpu', args...)` instead.
  with torch.enable_grad(), device_autocast_ctx, torch.cpu.amp.autocast(**ctx.cpu_autocast_kwargs):  # type: ignore[attr-defined]
'(ProtocolError('Connection aborted.', RemoteDisconnected('Remote end closed connection without response')), '(Request ID: 2ae1bd6e-8c0d-4809-b395-47786e65ea69)')' thrown while requesting HEAD https://huggingface.co/HuggingFaceTB/SmolVLM-500M-Instruct/resolve/main/config.json
Retrying in 1s [Retry 1/5].

=== 02_vlm_polymer_real_only — repetição 09/9 (seed=9, tag=mina_real_only_lora_ctrl_seed9) ===
trainable params: 4,784,128 || all params: 512,266,432 || trainable%: 0.9339
epoch 1/6  train_loss=0.6197  real_val_acc=0.500
  -> novo melhor adapter (real_val_acc=0.500) salvo em /home/astral_visao/Documents/visao/datasetMINA/experimentos/resultados/checkpoints/mina_real_only_lora_ctrl_seed9
epoch 2/6  train_loss=0.2768  real_val_acc=0.583
  -> novo melhor adapter (real_val_acc=0.583) salvo em /home/astral_visao/Documents/visao/datasetMINA/experimentos/resultados/checkpoints/mina_real_only_lora_ctrl_seed9
epoch 3/6  train_loss=0.2034  real_val_acc=0.521
epoch 4/6  train_loss=0.1501  real_val_acc=0.542
epoch 5/6  train_loss=0.1095  real_val_acc=0.642
  -> novo melhor adapter (real_val_acc=0.642) salvo em /home/astral_visao/Documents/visao/datasetMINA/experimentos/resultados/checkpoints/mina_real_only_lora_ctrl_seed9
epoch 6/6  train_loss=0.0761  real_val_acc=0.658
  -> novo melhor adapter (real_val_acc=0.658) salvo em /home/astral_visao/Documents/visao/datasetMINA/experimentos/resultados/checkpoints/mina_real_only_lora_ctrl_seed9

Melhor acurácia em real_val: 0.658. Adapter em /home/astral_visao/Documents/visao/datasetMINA/experimentos/resultados/checkpoints/mina_real_only_lora_ctrl_seed9

Acurácia final REAL TEST (mina_real_only_lora_ctrl_seed9, n=208): 0.712
[02_vlm_polymer_real_only] rep 09: test_acc=0.712
