# comando: /home/astral_visao/Documents/visao/.venv/bin/python3 /home/astral_visao/Documents/visao/datasetMINA/experimentos_controlados/scripts/02_vlm_polymer_real_only_10x.py --only-seed 6
# inicio (UTC): 2026-09-07T07:11:04.140206+00:00

/home/astral_visao/Documents/visao/.venv/lib/python3.12/site-packages/torch/utils/checkpoint.py:295: FutureWarning: `torch.cpu.amp.autocast(args...)` is deprecated. Please use `torch.amp.autocast('cpu', args...)` instead.
  with torch.enable_grad(), device_autocast_ctx, torch.cpu.amp.autocast(**ctx.cpu_autocast_kwargs):  # type: ignore[attr-defined]

=== 02_vlm_polymer_real_only — repetição 06/9 (seed=6, tag=mina_real_only_lora_ctrl_seed6) ===
trainable params: 4,784,128 || all params: 512,266,432 || trainable%: 0.9339
epoch 1/6  train_loss=0.6309  real_val_acc=0.446
  -> novo melhor adapter (real_val_acc=0.446) salvo em /home/astral_visao/Documents/visao/datasetMINA/experimentos/resultados/checkpoints/mina_real_only_lora_ctrl_seed6
epoch 2/6  train_loss=0.2796  real_val_acc=0.546
  -> novo melhor adapter (real_val_acc=0.546) salvo em /home/astral_visao/Documents/visao/datasetMINA/experimentos/resultados/checkpoints/mina_real_only_lora_ctrl_seed6
epoch 3/6  train_loss=0.2310  real_val_acc=0.608
  -> novo melhor adapter (real_val_acc=0.608) salvo em /home/astral_visao/Documents/visao/datasetMINA/experimentos/resultados/checkpoints/mina_real_only_lora_ctrl_seed6
epoch 4/6  train_loss=0.1593  real_val_acc=0.533
epoch 5/6  train_loss=0.1243  real_val_acc=0.633
  -> novo melhor adapter (real_val_acc=0.633) salvo em /home/astral_visao/Documents/visao/datasetMINA/experimentos/resultados/checkpoints/mina_real_only_lora_ctrl_seed6
epoch 6/6  train_loss=0.0899  real_val_acc=0.675
  -> novo melhor adapter (real_val_acc=0.675) salvo em /home/astral_visao/Documents/visao/datasetMINA/experimentos/resultados/checkpoints/mina_real_only_lora_ctrl_seed6

Melhor acurácia em real_val: 0.675. Adapter em /home/astral_visao/Documents/visao/datasetMINA/experimentos/resultados/checkpoints/mina_real_only_lora_ctrl_seed6

Acurácia final REAL TEST (mina_real_only_lora_ctrl_seed6, n=208): 0.688
[02_vlm_polymer_real_only] rep 06: test_acc=0.688
