# comando: /home/astral_visao/Documents/visao/.venv/bin/python3 /home/astral_visao/Documents/visao/datasetMINA/experimentos_controlados/scripts/02_vlm_polymer_real_only_10x.py --only-seed 1
# inicio (UTC): 2026-09-07T05:20:42.667874+00:00

/home/astral_visao/Documents/visao/.venv/lib/python3.12/site-packages/torch/utils/checkpoint.py:295: FutureWarning: `torch.cpu.amp.autocast(args...)` is deprecated. Please use `torch.amp.autocast('cpu', args...)` instead.
  with torch.enable_grad(), device_autocast_ctx, torch.cpu.amp.autocast(**ctx.cpu_autocast_kwargs):  # type: ignore[attr-defined]
'(ReadTimeoutError("HTTPSConnectionPool(host='huggingface.co', port=443): Read timed out. (read timeout=10)"), '(Request ID: 05fcbbcf-7d23-4758-b52e-7a2325ed4527)')' thrown while requesting HEAD https://huggingface.co/HuggingFaceTB/SmolVLM-500M-Instruct/resolve/main/config.json
Retrying in 1s [Retry 1/5].

=== 02_vlm_polymer_real_only — repetição 01/9 (seed=1, tag=mina_real_only_lora_ctrl_seed1) ===
trainable params: 4,784,128 || all params: 512,266,432 || trainable%: 0.9339
epoch 1/6  train_loss=0.6299  real_val_acc=0.492
  -> novo melhor adapter (real_val_acc=0.492) salvo em /home/astral_visao/Documents/visao/datasetMINA/experimentos/resultados/checkpoints/mina_real_only_lora_ctrl_seed1
epoch 2/6  train_loss=0.3070  real_val_acc=0.575
  -> novo melhor adapter (real_val_acc=0.575) salvo em /home/astral_visao/Documents/visao/datasetMINA/experimentos/resultados/checkpoints/mina_real_only_lora_ctrl_seed1
epoch 3/6  train_loss=0.2376  real_val_acc=0.546
epoch 4/6  train_loss=0.1772  real_val_acc=0.608
  -> novo melhor adapter (real_val_acc=0.608) salvo em /home/astral_visao/Documents/visao/datasetMINA/experimentos/resultados/checkpoints/mina_real_only_lora_ctrl_seed1
epoch 5/6  train_loss=0.1280  real_val_acc=0.596
epoch 6/6  train_loss=0.0874  real_val_acc=0.637
  -> novo melhor adapter (real_val_acc=0.637) salvo em /home/astral_visao/Documents/visao/datasetMINA/experimentos/resultados/checkpoints/mina_real_only_lora_ctrl_seed1

Melhor acurácia em real_val: 0.637. Adapter em /home/astral_visao/Documents/visao/datasetMINA/experimentos/resultados/checkpoints/mina_real_only_lora_ctrl_seed1

Acurácia final REAL TEST (mina_real_only_lora_ctrl_seed1, n=208): 0.726
[02_vlm_polymer_real_only] rep 01: test_acc=0.726
