# comando: /home/astral_visao/Documents/visao/.venv/bin/python3 /home/astral_visao/Documents/visao/datasetMINA/experimentos_controlados/scripts/02_vlm_polymer_real_only_10x.py --only-seed 3
# inicio (UTC): 2026-09-07T06:04:52.949998+00:00

/home/astral_visao/Documents/visao/.venv/lib/python3.12/site-packages/torch/utils/checkpoint.py:295: FutureWarning: `torch.cpu.amp.autocast(args...)` is deprecated. Please use `torch.amp.autocast('cpu', args...)` instead.
  with torch.enable_grad(), device_autocast_ctx, torch.cpu.amp.autocast(**ctx.cpu_autocast_kwargs):  # type: ignore[attr-defined]

=== 02_vlm_polymer_real_only — repetição 03/9 (seed=3, tag=mina_real_only_lora_ctrl_seed3) ===
trainable params: 4,784,128 || all params: 512,266,432 || trainable%: 0.9339
epoch 1/6  train_loss=0.6337  real_val_acc=0.512
  -> novo melhor adapter (real_val_acc=0.512) salvo em /home/astral_visao/Documents/visao/datasetMINA/experimentos/resultados/checkpoints/mina_real_only_lora_ctrl_seed3
epoch 2/6  train_loss=0.2678  real_val_acc=0.554
  -> novo melhor adapter (real_val_acc=0.554) salvo em /home/astral_visao/Documents/visao/datasetMINA/experimentos/resultados/checkpoints/mina_real_only_lora_ctrl_seed3
epoch 3/6  train_loss=0.2214  real_val_acc=0.596
  -> novo melhor adapter (real_val_acc=0.596) salvo em /home/astral_visao/Documents/visao/datasetMINA/experimentos/resultados/checkpoints/mina_real_only_lora_ctrl_seed3
epoch 4/6  train_loss=0.1629  real_val_acc=0.650
  -> novo melhor adapter (real_val_acc=0.650) salvo em /home/astral_visao/Documents/visao/datasetMINA/experimentos/resultados/checkpoints/mina_real_only_lora_ctrl_seed3
epoch 5/6  train_loss=0.1173  real_val_acc=0.675
  -> novo melhor adapter (real_val_acc=0.675) salvo em /home/astral_visao/Documents/visao/datasetMINA/experimentos/resultados/checkpoints/mina_real_only_lora_ctrl_seed3
epoch 6/6  train_loss=0.0798  real_val_acc=0.633

Melhor acurácia em real_val: 0.675. Adapter em /home/astral_visao/Documents/visao/datasetMINA/experimentos/resultados/checkpoints/mina_real_only_lora_ctrl_seed3

Acurácia final REAL TEST (mina_real_only_lora_ctrl_seed3, n=208): 0.750
[02_vlm_polymer_real_only] rep 03: test_acc=0.750
