# comando: /home/astral_visao/Documents/visao/.venv/bin/python3 /home/astral_visao/Documents/visao/datasetMINA/experimentos_controlados/scripts/02_vlm_polymer_real_only_10x.py --only-seed 8
# inicio (UTC): 2026-09-07T07:55:03.159134+00:00

/home/astral_visao/Documents/visao/.venv/lib/python3.12/site-packages/torch/utils/checkpoint.py:295: FutureWarning: `torch.cpu.amp.autocast(args...)` is deprecated. Please use `torch.amp.autocast('cpu', args...)` instead.
  with torch.enable_grad(), device_autocast_ctx, torch.cpu.amp.autocast(**ctx.cpu_autocast_kwargs):  # type: ignore[attr-defined]
'(ReadTimeoutError("HTTPSConnectionPool(host='huggingface.co', port=443): Read timed out. (read timeout=10)"), '(Request ID: be21e64c-0d48-4967-bf03-5251471587ee)')' thrown while requesting HEAD https://huggingface.co/HuggingFaceTB/SmolVLM-500M-Instruct/resolve/main/config.json
Retrying in 1s [Retry 1/5].

=== 02_vlm_polymer_real_only — repetição 08/9 (seed=8, tag=mina_real_only_lora_ctrl_seed8) ===
trainable params: 4,784,128 || all params: 512,266,432 || trainable%: 0.9339
epoch 1/6  train_loss=0.6536  real_val_acc=0.454
  -> novo melhor adapter (real_val_acc=0.454) salvo em /home/astral_visao/Documents/visao/datasetMINA/experimentos/resultados/checkpoints/mina_real_only_lora_ctrl_seed8
epoch 2/6  train_loss=0.2957  real_val_acc=0.588
  -> novo melhor adapter (real_val_acc=0.588) salvo em /home/astral_visao/Documents/visao/datasetMINA/experimentos/resultados/checkpoints/mina_real_only_lora_ctrl_seed8
epoch 3/6  train_loss=0.2263  real_val_acc=0.537
epoch 4/6  train_loss=0.1807  real_val_acc=0.546
epoch 5/6  train_loss=0.1545  real_val_acc=0.575
epoch 6/6  train_loss=0.0965  real_val_acc=0.604
  -> novo melhor adapter (real_val_acc=0.604) salvo em /home/astral_visao/Documents/visao/datasetMINA/experimentos/resultados/checkpoints/mina_real_only_lora_ctrl_seed8

Melhor acurácia em real_val: 0.604. Adapter em /home/astral_visao/Documents/visao/datasetMINA/experimentos/resultados/checkpoints/mina_real_only_lora_ctrl_seed8

Acurácia final REAL TEST (mina_real_only_lora_ctrl_seed8, n=208): 0.688
[02_vlm_polymer_real_only] rep 08: test_acc=0.688
