# comando: /home/astral_visao/Documents/visao/.venv/bin/python3 /home/astral_visao/Documents/visao/datasetMINA/experimentos_controlados/scripts/02_vlm_polymer_real_only_10x.py --only-seed 7
# inicio (UTC): 2026-09-07T07:33:02.807156+00:00

/home/astral_visao/Documents/visao/.venv/lib/python3.12/site-packages/torch/utils/checkpoint.py:295: FutureWarning: `torch.cpu.amp.autocast(args...)` is deprecated. Please use `torch.amp.autocast('cpu', args...)` instead.
  with torch.enable_grad(), device_autocast_ctx, torch.cpu.amp.autocast(**ctx.cpu_autocast_kwargs):  # type: ignore[attr-defined]
'(ProtocolError('Connection aborted.', RemoteDisconnected('Remote end closed connection without response')), '(Request ID: c32dd3ec-9342-4448-bcd2-8f703f6292b5)')' thrown while requesting HEAD https://huggingface.co/HuggingFaceTB/SmolVLM-500M-Instruct/resolve/main/config.json
Retrying in 1s [Retry 1/5].

=== 02_vlm_polymer_real_only — repetição 07/9 (seed=7, tag=mina_real_only_lora_ctrl_seed7) ===
trainable params: 4,784,128 || all params: 512,266,432 || trainable%: 0.9339
epoch 1/6  train_loss=0.6237  real_val_acc=0.492
  -> novo melhor adapter (real_val_acc=0.492) salvo em /home/astral_visao/Documents/visao/datasetMINA/experimentos/resultados/checkpoints/mina_real_only_lora_ctrl_seed7
epoch 2/6  train_loss=0.2801  real_val_acc=0.579
  -> novo melhor adapter (real_val_acc=0.579) salvo em /home/astral_visao/Documents/visao/datasetMINA/experimentos/resultados/checkpoints/mina_real_only_lora_ctrl_seed7
epoch 3/6  train_loss=0.2118  real_val_acc=0.512
epoch 4/6  train_loss=0.1680  real_val_acc=0.512
epoch 5/6  train_loss=0.1240  real_val_acc=0.621
  -> novo melhor adapter (real_val_acc=0.621) salvo em /home/astral_visao/Documents/visao/datasetMINA/experimentos/resultados/checkpoints/mina_real_only_lora_ctrl_seed7
epoch 6/6  train_loss=0.0941  real_val_acc=0.608

Melhor acurácia em real_val: 0.621. Adapter em /home/astral_visao/Documents/visao/datasetMINA/experimentos/resultados/checkpoints/mina_real_only_lora_ctrl_seed7

Acurácia final REAL TEST (mina_real_only_lora_ctrl_seed7, n=208): 0.750
[02_vlm_polymer_real_only] rep 07: test_acc=0.750
