2026-09-06 17:31:48,631 | INFO | === INÍCIO DO EXPERIMENTO ===
2026-09-06 17:31:48,631 | INFO | experiment_name=55_predicted_box_and_end_to_end_records
2026-09-06 17:31:48,632 | INFO | script_name=/home/mi/datasetMINA/experimentos/scripts/55_predicted_box_and_end_to_end_records.py
2026-09-06 17:31:48,632 | INFO | results_dir=/home/mi/datasetMINA/experimentos/resultados/55_predicted_box_and_end_to_end_records
2026-09-06 17:31:48,632 | INFO | log_path=/home/mi/datasetMINA/experimentos/resultados/55_predicted_box_and_end_to_end_records/logs/55_predicted_box_and_end_to_end_records_20260906T203147Z.log
2026-09-06 17:31:48,632 | INFO | runtime_metadata={"architecture": "x86_64", "cpu": "x86_64", "cpu_count": 24, "cuda_available": true, "cuda_device": 0, "cuda_version": "12.1", "cudnn_version": 90100, "device": "cuda", "experiment_name": "55_predicted_box_and_end_to_end_records", "git_commit": "f7a0a0a1", "gpu_capability": [[8, 9]], "gpu_count": 1, "gpu_names": ["NVIDIA GeForce RTX 4060 Ti"], "host": "pop-os", "log_path": "/home/mi/datasetMINA/experimentos/resultados/55_predicted_box_and_end_to_end_records/logs/55_predicted_box_and_end_to_end_records_20260906T203147Z.log", "numpy_version": "1.26.4", "os": "Linux", "os_release": "7.0.11-76070011-generic", "pandas_version": "2.1.4", "peft_version": "0.18.1", "pillow_version": "11.3.0", "platform": "Linux-7.0.11-76070011-generic-x86_64-with-glibc2.35", "python_implementation": "CPython", "python_version": "3.10.12", "ram_gb": 30.49170684814453, "results_dir": "/home/mi/datasetMINA/experimentos/resultados/55_predicted_box_and_end_to_end_records", "results_root": "/home/mi/datasetMINA/experimentos/resultados", "script_name": "/home/mi/datasetMINA/experimentos/scripts/55_predicted_box_and_end_to_end_records.py", "timestamp_utc": "2026-09-06T20:31:47.538922+00:00", "torch_version": "2.4.1+cu121", "transformers_version": "4.49.0", "working_directory": "/home/mi/datasetMINA/experimentos"}
2026-09-06 17:31:48,632 | INFO | === condicao predicted-box + avaliacao fim-a-fim, com registros de particula (Camada 3) ===
2026-09-06 17:31:48,633 | INFO | run_id=20260906T203148Z_f7a0a0a1_55_predicted_box_and_end_to_end_records
2026-09-06 17:32:37,592 | INFO | imagem=PET_PET 5000X 1.png gt=141 casados=86
2026-09-06 17:34:24,401 | INFO | imagem=PET_PET-2000X-2.png gt=490 casados=233
2026-09-06 17:35:05,616 | INFO | imagem=PET_PET-2000X.png gt=518 casados=110
2026-09-06 17:35:05,665 | INFO | imagem=PET_PET-B-2-5000X.png gt=90 casados=63
2026-09-06 17:35:09,388 | INFO | imagem=PE_PE 1000-1.png gt=8 casados=8
2026-09-06 17:35:17,682 | INFO | imagem=PE_PE 1000X.png gt=20 casados=20
2026-09-06 17:35:17,721 | INFO | imagem=PE_PE-5000x.png gt=0 casados=0
2026-09-06 17:37:23,821 | INFO | imagem=PP_PP-1000x1.png gt=1268 casados=275
2026-09-06 17:38:01,370 | INFO | imagem=PP_PP-3000x4.png gt=198 casados=134
2026-09-06 17:39:25,398 | INFO | imagem=PP_PP-3000x6.png gt=231 casados=182
2026-09-06 17:40:48,655 | INFO | imagem=PP_PP-3000x7.png gt=233 casados=182
2026-09-06 17:42:18,921 | INFO | imagem=PS_PS-100x.png gt=957 casados=198
2026-09-06 17:42:31,285 | INFO | imagem=PS_PS-200x-2.png gt=160 casados=42
2026-09-06 17:43:02,761 | INFO | imagem=PS_PS2-200x2.png gt=156 casados=69
2026-09-06 17:43:17,387 | INFO | imagem=PS_PSL 10000X.png gt=140 casados=32
