# comando: /home/astral_visao/Documents/visao/.venv/bin/python3 /home/astral_visao/Documents/visao/datasetMINA/experimentos_controlados/scripts/03_vlm_polymer_real_synth_10x.py --only-seed 0
# inicio (UTC): 2026-09-07T08:39:15.767372+00:00

/home/astral_visao/Documents/visao/.venv/lib/python3.12/site-packages/torch/utils/checkpoint.py:295: FutureWarning: `torch.cpu.amp.autocast(args...)` is deprecated. Please use `torch.amp.autocast('cpu', args...)` instead.
  with torch.enable_grad(), device_autocast_ctx, torch.cpu.amp.autocast(**ctx.cpu_autocast_kwargs):  # type: ignore[attr-defined]

=== 03_vlm_polymer_real_synth — repetição 00/9 (seed=0, tag=mina_real_plus_synthetic_lora_v2_ctrl_seed0) ===
trainable params: 4,784,128 || all params: 512,266,432 || trainable%: 0.9339
epoch 1/6  train_loss=0.4596  real_val_acc=0.504
  -> novo melhor adapter (real_val_acc=0.504) salvo em /home/astral_visao/Documents/visao/datasetMINA/experimentos/resultados/checkpoints/mina_real_plus_synthetic_lora_v2_ctrl_seed0
epoch 2/6  train_loss=0.2292  real_val_acc=0.596
  -> novo melhor adapter (real_val_acc=0.596) salvo em /home/astral_visao/Documents/visao/datasetMINA/experimentos/resultados/checkpoints/mina_real_plus_synthetic_lora_v2_ctrl_seed0
epoch 3/6  train_loss=0.1630  real_val_acc=0.621
  -> novo melhor adapter (real_val_acc=0.621) salvo em /home/astral_visao/Documents/visao/datasetMINA/experimentos/resultados/checkpoints/mina_real_plus_synthetic_lora_v2_ctrl_seed0
epoch 4/6  train_loss=0.1233  real_val_acc=0.558
epoch 5/6  train_loss=0.0840  real_val_acc=0.625
  -> novo melhor adapter (real_val_acc=0.625) salvo em /home/astral_visao/Documents/visao/datasetMINA/experimentos/resultados/checkpoints/mina_real_plus_synthetic_lora_v2_ctrl_seed0
epoch 6/6  train_loss=0.0624  real_val_acc=0.637
  -> novo melhor adapter (real_val_acc=0.637) salvo em /home/astral_visao/Documents/visao/datasetMINA/experimentos/resultados/checkpoints/mina_real_plus_synthetic_lora_v2_ctrl_seed0

Melhor acurácia em real_val: 0.637. Adapter em /home/astral_visao/Documents/visao/datasetMINA/experimentos/resultados/checkpoints/mina_real_plus_synthetic_lora_v2_ctrl_seed0

Acurácia final REAL TEST (mina_real_plus_synthetic_lora_v2_ctrl_seed0, n=208): 0.702
[03_vlm_polymer_real_synth] rep 00: test_acc=0.702
