# comando: /home/astral_visao/Documents/visao/.venv/bin/python3 /home/astral_visao/Documents/visao/datasetMINA/experimentos_controlados/scripts/03_vlm_polymer_real_synth_10x.py --only-seed 1
# inicio (UTC): 2026-09-07T09:23:05.654899+00:00

/home/astral_visao/Documents/visao/.venv/lib/python3.12/site-packages/torch/utils/checkpoint.py:295: FutureWarning: `torch.cpu.amp.autocast(args...)` is deprecated. Please use `torch.amp.autocast('cpu', args...)` instead.
  with torch.enable_grad(), device_autocast_ctx, torch.cpu.amp.autocast(**ctx.cpu_autocast_kwargs):  # type: ignore[attr-defined]

=== 03_vlm_polymer_real_synth — repetição 01/9 (seed=1, tag=mina_real_plus_synthetic_lora_v2_ctrl_seed1) ===
trainable params: 4,784,128 || all params: 512,266,432 || trainable%: 0.9339
epoch 1/6  train_loss=0.4656  real_val_acc=0.508
  -> novo melhor adapter (real_val_acc=0.508) salvo em /home/astral_visao/Documents/visao/datasetMINA/experimentos/resultados/checkpoints/mina_real_plus_synthetic_lora_v2_ctrl_seed1
epoch 2/6  train_loss=0.2296  real_val_acc=0.558
  -> novo melhor adapter (real_val_acc=0.558) salvo em /home/astral_visao/Documents/visao/datasetMINA/experimentos/resultados/checkpoints/mina_real_plus_synthetic_lora_v2_ctrl_seed1
epoch 3/6  train_loss=0.1569  real_val_acc=0.604
  -> novo melhor adapter (real_val_acc=0.604) salvo em /home/astral_visao/Documents/visao/datasetMINA/experimentos/resultados/checkpoints/mina_real_plus_synthetic_lora_v2_ctrl_seed1
epoch 4/6  train_loss=0.1325  real_val_acc=0.588
epoch 5/6  train_loss=0.0864  real_val_acc=0.617
  -> novo melhor adapter (real_val_acc=0.617) salvo em /home/astral_visao/Documents/visao/datasetMINA/experimentos/resultados/checkpoints/mina_real_plus_synthetic_lora_v2_ctrl_seed1
epoch 6/6  train_loss=0.0674  real_val_acc=0.662
  -> novo melhor adapter (real_val_acc=0.662) salvo em /home/astral_visao/Documents/visao/datasetMINA/experimentos/resultados/checkpoints/mina_real_plus_synthetic_lora_v2_ctrl_seed1

Melhor acurácia em real_val: 0.662. Adapter em /home/astral_visao/Documents/visao/datasetMINA/experimentos/resultados/checkpoints/mina_real_plus_synthetic_lora_v2_ctrl_seed1

Acurácia final REAL TEST (mina_real_plus_synthetic_lora_v2_ctrl_seed1, n=208): 0.721
[03_vlm_polymer_real_synth] rep 01: test_acc=0.721
