# comando: /home/astral_visao/Documents/visao/.venv/bin/python3 /home/astral_visao/Documents/visao/datasetMINA/experimentos_controlados/scripts/05_smolvlm_size_lora_10x.py --only-seed 1
# inicio (UTC): 2026-09-06T22:23:56.442358+00:00

/home/astral_visao/Documents/visao/.venv/lib/python3.12/site-packages/torch/utils/checkpoint.py:295: FutureWarning: `torch.cpu.amp.autocast(args...)` is deprecated. Please use `torch.amp.autocast('cpu', args...)` instead.
  with torch.enable_grad(), device_autocast_ctx, torch.cpu.amp.autocast(**ctx.cpu_autocast_kwargs):  # type: ignore[attr-defined]
'(ReadTimeoutError("HTTPSConnectionPool(host='huggingface.co', port=443): Read timed out. (read timeout=10)"), '(Request ID: 1c3880f2-73bb-427d-ba05-c701aebc13d2)')' thrown while requesting HEAD https://huggingface.co/HuggingFaceTB/SmolVLM-500M-Instruct/resolve/main/config.json
Retrying in 1s [Retry 1/5].

=== 05_smolvlm_size_lora — repetição 01/9 (seed=1, tag=size_lora_ctrl_seed1) ===
trainable params: 4,784,128 || all params: 512,266,432 || trainable%: 0.9339
epoch 1/6  train_loss=0.1239  real_val_acc=0.908
  -> novo melhor adapter (real_val_acc=0.908) salvo em /home/astral_visao/Documents/visao/datasetMINA/experimentos/resultados/checkpoints/size_lora_ctrl_seed1
epoch 2/6  train_loss=0.0256  real_val_acc=0.917
  -> novo melhor adapter (real_val_acc=0.917) salvo em /home/astral_visao/Documents/visao/datasetMINA/experimentos/resultados/checkpoints/size_lora_ctrl_seed1
epoch 3/6  train_loss=0.0144  real_val_acc=0.917
epoch 4/6  train_loss=0.0058  real_val_acc=0.883
epoch 5/6  train_loss=0.0068  real_val_acc=0.933
  -> novo melhor adapter (real_val_acc=0.933) salvo em /home/astral_visao/Documents/visao/datasetMINA/experimentos/resultados/checkpoints/size_lora_ctrl_seed1
epoch 6/6  train_loss=0.0029  real_val_acc=0.892

Melhor acurácia em real_val: 0.933. Adapter em /home/astral_visao/Documents/visao/datasetMINA/experimentos/resultados/checkpoints/size_lora_ctrl_seed1

Acurácia final REAL TEST (size_lora_ctrl_seed1, n=208): 0.913
[05_smolvlm_size_lora] rep 01: test_acc=0.913
