# comando: /home/astral_visao/Documents/visao/.venv/bin/python3 /home/astral_visao/Documents/visao/datasetMINA/experimentos_controlados/scripts/05_smolvlm_size_lora_10x.py --only-seed 9
# inicio (UTC): 2026-09-07T01:33:16.771311+00:00

/home/astral_visao/Documents/visao/.venv/lib/python3.12/site-packages/torch/utils/checkpoint.py:295: FutureWarning: `torch.cpu.amp.autocast(args...)` is deprecated. Please use `torch.amp.autocast('cpu', args...)` instead.
  with torch.enable_grad(), device_autocast_ctx, torch.cpu.amp.autocast(**ctx.cpu_autocast_kwargs):  # type: ignore[attr-defined]
'(ReadTimeoutError("HTTPSConnectionPool(host='huggingface.co', port=443): Read timed out. (read timeout=10)"), '(Request ID: bf346800-fbd9-40c8-937f-66e73e67deec)')' thrown while requesting HEAD https://huggingface.co/HuggingFaceTB/SmolVLM-500M-Instruct/resolve/main/config.json
Retrying in 1s [Retry 1/5].

=== 05_smolvlm_size_lora — repetição 09/9 (seed=9, tag=size_lora_ctrl_seed9) ===
trainable params: 4,784,128 || all params: 512,266,432 || trainable%: 0.9339
epoch 1/6  train_loss=0.1264  real_val_acc=0.904
  -> novo melhor adapter (real_val_acc=0.904) salvo em /home/astral_visao/Documents/visao/datasetMINA/experimentos/resultados/checkpoints/size_lora_ctrl_seed9
epoch 2/6  train_loss=0.0243  real_val_acc=0.908
  -> novo melhor adapter (real_val_acc=0.908) salvo em /home/astral_visao/Documents/visao/datasetMINA/experimentos/resultados/checkpoints/size_lora_ctrl_seed9
epoch 3/6  train_loss=0.0183  real_val_acc=0.892
epoch 4/6  train_loss=0.0101  real_val_acc=0.912
  -> novo melhor adapter (real_val_acc=0.912) salvo em /home/astral_visao/Documents/visao/datasetMINA/experimentos/resultados/checkpoints/size_lora_ctrl_seed9
epoch 5/6  train_loss=0.0058  real_val_acc=0.879
epoch 6/6  train_loss=0.0069  real_val_acc=0.863

Melhor acurácia em real_val: 0.912. Adapter em /home/astral_visao/Documents/visao/datasetMINA/experimentos/resultados/checkpoints/size_lora_ctrl_seed9

Acurácia final REAL TEST (size_lora_ctrl_seed9, n=208): 0.894
[05_smolvlm_size_lora] rep 09: test_acc=0.894
