# comando: /home/astral_visao/Documents/visao/.venv/bin/python3 /home/astral_visao/Documents/visao/datasetMINA/experimentos_controlados/scripts/05_smolvlm_size_lora_10x.py --only-seed 3
# inicio (UTC): 2026-09-06T23:11:13.715512+00:00

/home/astral_visao/Documents/visao/.venv/lib/python3.12/site-packages/torch/utils/checkpoint.py:295: FutureWarning: `torch.cpu.amp.autocast(args...)` is deprecated. Please use `torch.amp.autocast('cpu', args...)` instead.
  with torch.enable_grad(), device_autocast_ctx, torch.cpu.amp.autocast(**ctx.cpu_autocast_kwargs):  # type: ignore[attr-defined]

=== 05_smolvlm_size_lora — repetição 03/9 (seed=3, tag=size_lora_ctrl_seed3) ===
trainable params: 4,784,128 || all params: 512,266,432 || trainable%: 0.9339
epoch 1/6  train_loss=0.1282  real_val_acc=0.900
  -> novo melhor adapter (real_val_acc=0.900) salvo em /home/astral_visao/Documents/visao/datasetMINA/experimentos/resultados/checkpoints/size_lora_ctrl_seed3
epoch 2/6  train_loss=0.0268  real_val_acc=0.863
epoch 3/6  train_loss=0.0203  real_val_acc=0.904
  -> novo melhor adapter (real_val_acc=0.904) salvo em /home/astral_visao/Documents/visao/datasetMINA/experimentos/resultados/checkpoints/size_lora_ctrl_seed3
epoch 4/6  train_loss=0.0124  real_val_acc=0.912
  -> novo melhor adapter (real_val_acc=0.912) salvo em /home/astral_visao/Documents/visao/datasetMINA/experimentos/resultados/checkpoints/size_lora_ctrl_seed3
epoch 5/6  train_loss=0.0072  real_val_acc=0.921
  -> novo melhor adapter (real_val_acc=0.921) salvo em /home/astral_visao/Documents/visao/datasetMINA/experimentos/resultados/checkpoints/size_lora_ctrl_seed3
epoch 6/6  train_loss=0.0028  real_val_acc=0.925
  -> novo melhor adapter (real_val_acc=0.925) salvo em /home/astral_visao/Documents/visao/datasetMINA/experimentos/resultados/checkpoints/size_lora_ctrl_seed3

Melhor acurácia em real_val: 0.925. Adapter em /home/astral_visao/Documents/visao/datasetMINA/experimentos/resultados/checkpoints/size_lora_ctrl_seed3

Acurácia final REAL TEST (size_lora_ctrl_seed3, n=208): 0.851
[05_smolvlm_size_lora] rep 03: test_acc=0.851
