# comando: /home/astral_visao/Documents/visao/.venv/bin/python3 /home/astral_visao/Documents/visao/datasetMINA/experimentos_controlados/scripts/05_smolvlm_size_lora_10x.py --only-seed 4
# inicio (UTC): 2026-09-06T23:34:51.316573+00:00

/home/astral_visao/Documents/visao/.venv/lib/python3.12/site-packages/torch/utils/checkpoint.py:295: FutureWarning: `torch.cpu.amp.autocast(args...)` is deprecated. Please use `torch.amp.autocast('cpu', args...)` instead.
  with torch.enable_grad(), device_autocast_ctx, torch.cpu.amp.autocast(**ctx.cpu_autocast_kwargs):  # type: ignore[attr-defined]

=== 05_smolvlm_size_lora — repetição 04/9 (seed=4, tag=size_lora_ctrl_seed4) ===
trainable params: 4,784,128 || all params: 512,266,432 || trainable%: 0.9339
epoch 1/6  train_loss=0.1329  real_val_acc=0.754
  -> novo melhor adapter (real_val_acc=0.754) salvo em /home/astral_visao/Documents/visao/datasetMINA/experimentos/resultados/checkpoints/size_lora_ctrl_seed4
epoch 2/6  train_loss=0.0273  real_val_acc=0.887
  -> novo melhor adapter (real_val_acc=0.887) salvo em /home/astral_visao/Documents/visao/datasetMINA/experimentos/resultados/checkpoints/size_lora_ctrl_seed4
epoch 3/6  train_loss=0.0206  real_val_acc=0.912
  -> novo melhor adapter (real_val_acc=0.912) salvo em /home/astral_visao/Documents/visao/datasetMINA/experimentos/resultados/checkpoints/size_lora_ctrl_seed4
epoch 4/6  train_loss=0.0083  real_val_acc=0.917
  -> novo melhor adapter (real_val_acc=0.917) salvo em /home/astral_visao/Documents/visao/datasetMINA/experimentos/resultados/checkpoints/size_lora_ctrl_seed4
epoch 5/6  train_loss=0.0079  real_val_acc=0.896
epoch 6/6  train_loss=0.0047  real_val_acc=0.933
  -> novo melhor adapter (real_val_acc=0.933) salvo em /home/astral_visao/Documents/visao/datasetMINA/experimentos/resultados/checkpoints/size_lora_ctrl_seed4

Melhor acurácia em real_val: 0.933. Adapter em /home/astral_visao/Documents/visao/datasetMINA/experimentos/resultados/checkpoints/size_lora_ctrl_seed4

Acurácia final REAL TEST (size_lora_ctrl_seed4, n=208): 0.894
[05_smolvlm_size_lora] rep 04: test_acc=0.894
