/home/mi/.local/lib/python3.10/site-packages/torch/utils/checkpoint.py:295: FutureWarning: `torch.cpu.amp.autocast(args...)` is deprecated. Please use `torch.amp.autocast('cpu', args...)` instead.
  with torch.enable_grad(), device_autocast_ctx, torch.cpu.amp.autocast(**ctx.cpu_autocast_kwargs):  # type: ignore[attr-defined]
Experimento B (real+sintético): real_train=1000  synthetic=1000  train_total=2000  val=240  test=208
label
PE     500
PET    500
PP     500
PS     500
Name: count, dtype: int64
trainable params: 4,784,128 || all params: 512,266,432 || trainable%: 0.9339
epoch 1/6  train_loss=0.4800  real_val_acc=0.550
  -> novo melhor adapter (real_val_acc=0.550) salvo em /home/mi/datasetMINA/resultados/checkpoints/mina_real_plus_synthetic_lora_v2
epoch 2/6  train_loss=0.2200  real_val_acc=0.512
epoch 3/6  train_loss=0.1689  real_val_acc=0.633
  -> novo melhor adapter (real_val_acc=0.633) salvo em /home/mi/datasetMINA/resultados/checkpoints/mina_real_plus_synthetic_lora_v2
epoch 4/6  train_loss=0.1180  real_val_acc=0.567
epoch 5/6  train_loss=0.0860  real_val_acc=0.592
epoch 6/6  train_loss=0.0600  real_val_acc=0.646
  -> novo melhor adapter (real_val_acc=0.646) salvo em /home/mi/datasetMINA/resultados/checkpoints/mina_real_plus_synthetic_lora_v2

Melhor acurácia em real_val: 0.646. Adapter em /home/mi/datasetMINA/resultados/checkpoints/mina_real_plus_synthetic_lora_v2

Acurácia final REAL TEST (mina_real_plus_synthetic_lora_v2, n=208): 0.707
